g 100 100
b 0 0
b 0 1
b 0 2
b 0 3
b 0 4
b 0 5
b 0 6
b 0 7
b 0 8
b 0 9
+----------------------------------------------------------------------------------------------------+
|****************************************************************************************************|
|****************************************************************************************************|
|****************************************************************************************************|
|****************************************************************************************************|
|****************************************************************************************************|
|****************************************************************************************************|
|****************************************************************************************************|
|****************************************************************************************************|
|****************************************************************************************************|
|****************************************************************************************************|
|****************************************************************************************************|
|****************************************************************************************************|
|****************************************************************************************************|
|****************************************************************************************************|
|****************************************************************************************************|
|****************************************************************************************************|
|****************************************************************************************************|
|****************************************************************************************************|
|****************************************************************************************************|
|****************************************************************************************************|
|****************************************************************************************************|
|****************************************************************************************************|
|****************************************************************************************************|
|****************************************************************************************************|
|****************************************************************************************************|
|****************************************************************************************************|
|****************************************************************************************************|
|****************************************************************************************************|
|****************************************************************************************************|
|****************************************************************************************************|
|****************************************************************************************************|
|****************************************************************************************************|
|****************************************************************************************************|
|****************************************************************************************************|
|****************************************************************************************************|
|****************************************************************************************************|
|****************************************************************************************************|
|****************************************************************************************************|
|****************************************************************************************************|
|****************************************************************************************************|
|****************************************************************************************************|
|****************************************************************************************************|
|****************************************************************************************************|
|****************************************************************************************************|
|****************************************************************************************************|
|****************************************************************************************************|
|****************************************************************************************************|
|****************************************************************************************************|
|****************************************************************************************************|
|****************************************************************************************************|
|****************************************************************************************************|
|****************************************************************************************************|
|****************************************************************************************************|
|****************************************************************************************************|
|****************************************************************************************************|
|****************************************************************************************************|
|****************************************************************************************************|
|****************************************************************************************************|
|****************************************************************************************************|
|****************************************************************************************************|
|****************************************************************************************************|
|****************************************************************************************************|
|****************************************************************************************************|
|****************************************************************************************************|
|****************************************************************************************************|
|****************************************************************************************************|
|****************************************************************************************************|
|****************************************************************************************************|
|****************************************************************************************************|
|****************************************************************************************************|
|****************************************************************************************************|
|****************************************************************************************************|
|****************************************************************************************************|
|****************************************************************************************************|
|****************************************************************************************************|
|****************************************************************************************************|
|****************************************************************************************************|
|****************************************************************************************************|
|****************************************************************************************************|
|****************************************************************************************************|
|****************************************************************************************************|
|****************************************************************************************************|
|****************************************************************************************************|
|****************************************************************************************************|
|****************************************************************************************************|
|****************************************************************************************************|
|****************************************************************************************************|
|****************************************************************************************************|
|****************************************************************************************************|
|****************************************************************************************************|
|****************************************************************************************************|
|****************************************************************************************************|
|****************************************************************************************************|
|****************************************************************************************************|
|****************************************************************************************************|
|****************************************************************************************************|
|****************************************************************************************************|
|****************************************************************************************************|
|****************************************************************************************************|
|****************************************************************************************************|
+----------------------------------------------------------------------------------------------------+
error
