g 5 5
b 0 0
b 0 1
b 0 2
b 0 3
b 0 4
b 1 0
b 1 1
b 1 2
b 1 3
b 1 4
+-----+
|*****|
|*****|
|*****|
|*****|
|*****|
+-----+
u 4 4
+-----+
|*****|
|*****|
|*****|
|*****|
|****0|
+-----+
error
