> ok

> [1 2 3]

> ok

> [5 4 1 2 3]

> no such key

> bye
