> no entries

> ok

> ok

> b [2 3]
a [1 2]

> bye
