> ok

> 1

> [1 2 3]

> 3

> index out of range

> no such key

> bye
