> ok

> [1 2 3]

> 2

> [1 3]

> index out of range

> no such key

> bye
