> ok

> 1

> [2 3]

> 2

> [3]

> no such key

> bye
